
> my-v0-project@0.1.0 dev
> next dev

  ▲ Next.js 14.2.16
  - Local:        http://localhost:3000
  - Environments: .env.local

 ✓ Starting...
 ✓ Ready in 1651ms
 ○ Compiling /middleware ...
 ✓ Compiled /middleware in 2.3s (141 modules)
 ○ Compiling / ...
 ✓ Compiled / in 10.9s (732 modules)
 GET / 200 in 11247ms
<w> [webpack.cache.PackFileCacheStrategy] Serializing big strings (108kiB) impacts deserialization performance (consider using Buffer instead and decode when needed)
 GET / 200 in 90ms
 GET / 200 in 76ms
 GET / 200 in 75ms
 GET / 200 in 43ms
 GET / 200 in 26ms
 GET / 200 in 29ms
 ○ Compiling /profile ...
 ✓ Compiled /profile in 4.6s (782 modules)
 GET /profile 200 in 5287ms
 ○ Compiling /history ...
 ✓ Compiled /history in 4.8s (1008 modules)
 GET /history 200 in 5209ms
 ✓ Compiled /_not-found in 479ms (1011 modules)
 GET /upload 404 in 646ms
 GET / 200 in 49ms
 GET / 200 in 84ms
 ✓ Compiled in 3.1s (1016 modules)
 GET / 200 in 436ms
 GET / 200 in 593ms
 GET / 200 in 316ms
 GET / 200 in 102ms
 GET / 200 in 92ms
 GET / 200 in 28ms
 GET / 200 in 81ms
 GET /?x_request_source=preview 200 in 67ms
 ○ Compiling /home ...
 ✓ Compiled /home in 2.5s (1028 modules)
 GET / 200 in 172ms
 GET / 200 in 31ms
 GET / 200 in 31ms
 GET / 200 in 31ms
 GET / 200 in 28ms
 GET /?x_request_source=preview 200 in 28ms
 GET / 200 in 39ms
 GET / 200 in 34ms
 GET / 200 in 34ms
 GET / 200 in 31ms
 GET / 200 in 30ms
 GET /?x_request_source=preview 200 in 30ms
 GET / 200 in 35ms
 GET / 200 in 33ms
 GET / 200 in 27ms
 GET / 200 in 31ms
 GET / 200 in 28ms
 GET /?x_request_source=preview 200 in 31ms
